TimeQuest Timing Analyzer report for snake
Thu Mar 31 11:43:21 2016
Quartus II 64-Bit Version 13.0.1 Build 232 06/12/2013 Service Pack 1 SJ Full Version


---------------------
; Table of Contents ;
---------------------
  1. Legal Notice
  2. TimeQuest Timing Analyzer Summary
  3. Parallel Compilation
  4. Clocks
  5. Fmax Summary
  6. Setup Summary
  7. Hold Summary
  8. Recovery Summary
  9. Removal Summary
 10. Minimum Pulse Width Summary
 11. Setup: 'clk'
 12. Setup: 'dly[22]'
 13. Hold: 'clk'
 14. Hold: 'dly[22]'
 15. Minimum Pulse Width: 'clk'
 16. Minimum Pulse Width: 'dly[22]'
 17. Clock to Output Times
 18. Minimum Clock to Output Times
 19. Setup Transfers
 20. Hold Transfers
 21. Report TCCS
 22. Report RSKM
 23. Unconstrained Paths
 24. TimeQuest Timing Analyzer Messages



----------------
; Legal Notice ;
----------------
Copyright (C) 1991-2013 Altera Corporation
Your use of Altera Corporation's design tools, logic functions 
and other software and tools, and its AMPP partner logic 
functions, and any output files from any of the foregoing 
(including device programming or simulation files), and any 
associated documentation or information are expressly subject 
to the terms and conditions of the Altera Program License 
Subscription Agreement, Altera MegaCore Function License 
Agreement, or other applicable license agreement, including, 
without limitation, that your use is for the sole purpose of 
programming logic devices manufactured by Altera and sold by 
Altera or its authorized distributors.  Please refer to the 
applicable agreement for further details.



+-----------------------------------------------------------------------------------------+
; TimeQuest Timing Analyzer Summary                                                       ;
+--------------------+--------------------------------------------------------------------+
; Quartus II Version ; Version 13.0.1 Build 232 06/12/2013 Service Pack 1 SJ Full Version ;
; Revision Name      ; snake                                                              ;
; Device Family      ; MAX II                                                             ;
; Device Name        ; EPM570T144C5                                                       ;
; Timing Models      ; Final                                                              ;
; Delay Model        ; Slow Model                                                         ;
; Rise/Fall Delays   ; Unavailable                                                        ;
+--------------------+--------------------------------------------------------------------+


+------------------------------------------+
; Parallel Compilation                     ;
+----------------------------+-------------+
; Processors                 ; Number      ;
+----------------------------+-------------+
; Number detected on machine ; 8           ;
; Maximum allowed            ; 4           ;
;                            ;             ;
; Average used               ; 1.00        ;
; Maximum used               ; 1           ;
;                            ;             ;
; Usage by Processor         ; % Time Used ;
;     Processor 1            ; 100.0%      ;
;     Processors 2-8         ;   0.0%      ;
+----------------------------+-------------+


+-------------------------------------------------------------------------------------------------------------------------------------------------------------------------------------+
; Clocks                                                                                                                                                                              ;
+------------+------+--------+------------+-------+-------+------------+-----------+-------------+-------+--------+-----------+------------+----------+--------+--------+-------------+
; Clock Name ; Type ; Period ; Frequency  ; Rise  ; Fall  ; Duty Cycle ; Divide by ; Multiply by ; Phase ; Offset ; Edge List ; Edge Shift ; Inverted ; Master ; Source ; Targets     ;
+------------+------+--------+------------+-------+-------+------------+-----------+-------------+-------+--------+-----------+------------+----------+--------+--------+-------------+
; clk        ; Base ; 1.000  ; 1000.0 MHz ; 0.000 ; 0.500 ;            ;           ;             ;       ;        ;           ;            ;          ;        ;        ; { clk }     ;
; dly[22]    ; Base ; 1.000  ; 1000.0 MHz ; 0.000 ; 0.500 ;            ;           ;             ;       ;        ;           ;            ;          ;        ;        ; { dly[22] } ;
+------------+------+--------+------------+-------+-------+------------+-----------+-------------+-------+--------+-----------+------------+----------+--------+--------+-------------+


+--------------------------------------------------+
; Fmax Summary                                     ;
+------------+-----------------+------------+------+
; Fmax       ; Restricted Fmax ; Clock Name ; Note ;
+------------+-----------------+------------+------+
; 179.6 MHz  ; 179.6 MHz       ; clk        ;      ;
; 194.97 MHz ; 194.97 MHz      ; dly[22]    ;      ;
+------------+-----------------+------------+------+
This panel reports FMAX for every clock in the design, regardless of the user-specified clock periods.  FMAX is only computed for paths where the source and destination registers or ports are driven by the same clock.  Paths of different clocks, including generated clocks, are ignored.  For paths between a clock and its inversion, FMAX is computed as if the rising and falling edges are scaled along with FMAX, such that the duty cycle (in terms of a percentage) is maintained. Altera recommends that you always use clock constraints and other slack reports for sign-off analysis.


+----------------------------------+
; Setup Summary                    ;
+---------+--------+---------------+
; Clock   ; Slack  ; End Point TNS ;
+---------+--------+---------------+
; clk     ; -4.568 ; -93.333       ;
; dly[22] ; -4.129 ; -20.645       ;
+---------+--------+---------------+


+----------------------------------+
; Hold Summary                     ;
+---------+--------+---------------+
; Clock   ; Slack  ; End Point TNS ;
+---------+--------+---------------+
; clk     ; -1.826 ; -2.956        ;
; dly[22] ; 1.678  ; 0.000         ;
+---------+--------+---------------+


--------------------
; Recovery Summary ;
--------------------
No paths to report.


-------------------
; Removal Summary ;
-------------------
No paths to report.


+----------------------------------+
; Minimum Pulse Width Summary      ;
+---------+--------+---------------+
; Clock   ; Slack  ; End Point TNS ;
+---------+--------+---------------+
; clk     ; -2.289 ; -2.289        ;
; dly[22] ; 0.234  ; 0.000         ;
+---------+--------+---------------+


+----------------------------------------------------------------------------------------------------+
; Setup: 'clk'                                                                                       ;
+--------+-----------+---------+--------------+-------------+--------------+------------+------------+
; Slack  ; From Node ; To Node ; Launch Clock ; Latch Clock ; Relationship ; Clock Skew ; Data Delay ;
+--------+-----------+---------+--------------+-------------+--------------+------------+------------+
; -4.568 ; dly[3]    ; dly[22] ; clk          ; clk         ; 1.000        ; 0.000      ; 5.235      ;
; -4.568 ; dly[3]    ; dly[21] ; clk          ; clk         ; 1.000        ; 0.000      ; 5.235      ;
; -4.568 ; dly[3]    ; dly[20] ; clk          ; clk         ; 1.000        ; 0.000      ; 5.235      ;
; -4.568 ; dly[3]    ; dly[19] ; clk          ; clk         ; 1.000        ; 0.000      ; 5.235      ;
; -4.568 ; dly[3]    ; dly[18] ; clk          ; clk         ; 1.000        ; 0.000      ; 5.235      ;
; -4.555 ; dly[3]    ; dly[24] ; clk          ; clk         ; 1.000        ; 0.000      ; 5.222      ;
; -4.555 ; dly[3]    ; dly[23] ; clk          ; clk         ; 1.000        ; 0.000      ; 5.222      ;
; -4.446 ; dly[4]    ; dly[22] ; clk          ; clk         ; 1.000        ; 0.000      ; 5.113      ;
; -4.446 ; dly[4]    ; dly[21] ; clk          ; clk         ; 1.000        ; 0.000      ; 5.113      ;
; -4.446 ; dly[4]    ; dly[20] ; clk          ; clk         ; 1.000        ; 0.000      ; 5.113      ;
; -4.446 ; dly[4]    ; dly[19] ; clk          ; clk         ; 1.000        ; 0.000      ; 5.113      ;
; -4.446 ; dly[4]    ; dly[18] ; clk          ; clk         ; 1.000        ; 0.000      ; 5.113      ;
; -4.433 ; dly[4]    ; dly[24] ; clk          ; clk         ; 1.000        ; 0.000      ; 5.100      ;
; -4.433 ; dly[4]    ; dly[23] ; clk          ; clk         ; 1.000        ; 0.000      ; 5.100      ;
; -4.401 ; dly[1]    ; dly[22] ; clk          ; clk         ; 1.000        ; 0.000      ; 5.068      ;
; -4.401 ; dly[1]    ; dly[21] ; clk          ; clk         ; 1.000        ; 0.000      ; 5.068      ;
; -4.401 ; dly[1]    ; dly[20] ; clk          ; clk         ; 1.000        ; 0.000      ; 5.068      ;
; -4.401 ; dly[1]    ; dly[19] ; clk          ; clk         ; 1.000        ; 0.000      ; 5.068      ;
; -4.401 ; dly[1]    ; dly[18] ; clk          ; clk         ; 1.000        ; 0.000      ; 5.068      ;
; -4.388 ; dly[1]    ; dly[24] ; clk          ; clk         ; 1.000        ; 0.000      ; 5.055      ;
; -4.388 ; dly[1]    ; dly[23] ; clk          ; clk         ; 1.000        ; 0.000      ; 5.055      ;
; -4.249 ; dly[2]    ; dly[22] ; clk          ; clk         ; 1.000        ; 0.000      ; 4.916      ;
; -4.249 ; dly[2]    ; dly[21] ; clk          ; clk         ; 1.000        ; 0.000      ; 4.916      ;
; -4.249 ; dly[2]    ; dly[20] ; clk          ; clk         ; 1.000        ; 0.000      ; 4.916      ;
; -4.249 ; dly[2]    ; dly[19] ; clk          ; clk         ; 1.000        ; 0.000      ; 4.916      ;
; -4.249 ; dly[2]    ; dly[18] ; clk          ; clk         ; 1.000        ; 0.000      ; 4.916      ;
; -4.236 ; dly[2]    ; dly[24] ; clk          ; clk         ; 1.000        ; 0.000      ; 4.903      ;
; -4.236 ; dly[2]    ; dly[23] ; clk          ; clk         ; 1.000        ; 0.000      ; 4.903      ;
; -4.210 ; dly[0]    ; dly[22] ; clk          ; clk         ; 1.000        ; 0.000      ; 4.877      ;
; -4.210 ; dly[0]    ; dly[21] ; clk          ; clk         ; 1.000        ; 0.000      ; 4.877      ;
; -4.210 ; dly[0]    ; dly[20] ; clk          ; clk         ; 1.000        ; 0.000      ; 4.877      ;
; -4.210 ; dly[0]    ; dly[19] ; clk          ; clk         ; 1.000        ; 0.000      ; 4.877      ;
; -4.210 ; dly[0]    ; dly[18] ; clk          ; clk         ; 1.000        ; 0.000      ; 4.877      ;
; -4.197 ; dly[0]    ; dly[24] ; clk          ; clk         ; 1.000        ; 0.000      ; 4.864      ;
; -4.197 ; dly[0]    ; dly[23] ; clk          ; clk         ; 1.000        ; 0.000      ; 4.864      ;
; -4.190 ; dly[6]    ; dly[22] ; clk          ; clk         ; 1.000        ; 0.000      ; 4.857      ;
; -4.190 ; dly[6]    ; dly[21] ; clk          ; clk         ; 1.000        ; 0.000      ; 4.857      ;
; -4.190 ; dly[6]    ; dly[20] ; clk          ; clk         ; 1.000        ; 0.000      ; 4.857      ;
; -4.190 ; dly[6]    ; dly[19] ; clk          ; clk         ; 1.000        ; 0.000      ; 4.857      ;
; -4.190 ; dly[6]    ; dly[18] ; clk          ; clk         ; 1.000        ; 0.000      ; 4.857      ;
; -4.177 ; dly[6]    ; dly[24] ; clk          ; clk         ; 1.000        ; 0.000      ; 4.844      ;
; -4.177 ; dly[6]    ; dly[23] ; clk          ; clk         ; 1.000        ; 0.000      ; 4.844      ;
; -4.091 ; dly[5]    ; dly[22] ; clk          ; clk         ; 1.000        ; 0.000      ; 4.758      ;
; -4.091 ; dly[5]    ; dly[21] ; clk          ; clk         ; 1.000        ; 0.000      ; 4.758      ;
; -4.091 ; dly[5]    ; dly[20] ; clk          ; clk         ; 1.000        ; 0.000      ; 4.758      ;
; -4.091 ; dly[5]    ; dly[19] ; clk          ; clk         ; 1.000        ; 0.000      ; 4.758      ;
; -4.091 ; dly[5]    ; dly[18] ; clk          ; clk         ; 1.000        ; 0.000      ; 4.758      ;
; -4.078 ; dly[5]    ; dly[24] ; clk          ; clk         ; 1.000        ; 0.000      ; 4.745      ;
; -4.078 ; dly[5]    ; dly[23] ; clk          ; clk         ; 1.000        ; 0.000      ; 4.745      ;
; -3.973 ; dly[3]    ; dly[12] ; clk          ; clk         ; 1.000        ; 0.000      ; 4.640      ;
; -3.973 ; dly[3]    ; dly[11] ; clk          ; clk         ; 1.000        ; 0.000      ; 4.640      ;
; -3.973 ; dly[3]    ; dly[10] ; clk          ; clk         ; 1.000        ; 0.000      ; 4.640      ;
; -3.973 ; dly[3]    ; dly[9]  ; clk          ; clk         ; 1.000        ; 0.000      ; 4.640      ;
; -3.973 ; dly[3]    ; dly[8]  ; clk          ; clk         ; 1.000        ; 0.000      ; 4.640      ;
; -3.973 ; dly[13]   ; dly[22] ; clk          ; clk         ; 1.000        ; 0.000      ; 4.640      ;
; -3.973 ; dly[13]   ; dly[21] ; clk          ; clk         ; 1.000        ; 0.000      ; 4.640      ;
; -3.973 ; dly[13]   ; dly[20] ; clk          ; clk         ; 1.000        ; 0.000      ; 4.640      ;
; -3.973 ; dly[13]   ; dly[19] ; clk          ; clk         ; 1.000        ; 0.000      ; 4.640      ;
; -3.973 ; dly[13]   ; dly[18] ; clk          ; clk         ; 1.000        ; 0.000      ; 4.640      ;
; -3.961 ; dly[8]    ; dly[22] ; clk          ; clk         ; 1.000        ; 0.000      ; 4.628      ;
; -3.961 ; dly[8]    ; dly[21] ; clk          ; clk         ; 1.000        ; 0.000      ; 4.628      ;
; -3.961 ; dly[8]    ; dly[20] ; clk          ; clk         ; 1.000        ; 0.000      ; 4.628      ;
; -3.961 ; dly[8]    ; dly[19] ; clk          ; clk         ; 1.000        ; 0.000      ; 4.628      ;
; -3.961 ; dly[8]    ; dly[18] ; clk          ; clk         ; 1.000        ; 0.000      ; 4.628      ;
; -3.960 ; dly[3]    ; dly[14] ; clk          ; clk         ; 1.000        ; 0.000      ; 4.627      ;
; -3.960 ; dly[3]    ; dly[15] ; clk          ; clk         ; 1.000        ; 0.000      ; 4.627      ;
; -3.960 ; dly[3]    ; dly[13] ; clk          ; clk         ; 1.000        ; 0.000      ; 4.627      ;
; -3.960 ; dly[3]    ; dly[17] ; clk          ; clk         ; 1.000        ; 0.000      ; 4.627      ;
; -3.960 ; dly[3]    ; dly[16] ; clk          ; clk         ; 1.000        ; 0.000      ; 4.627      ;
; -3.960 ; dly[13]   ; dly[24] ; clk          ; clk         ; 1.000        ; 0.000      ; 4.627      ;
; -3.960 ; dly[13]   ; dly[23] ; clk          ; clk         ; 1.000        ; 0.000      ; 4.627      ;
; -3.948 ; dly[8]    ; dly[24] ; clk          ; clk         ; 1.000        ; 0.000      ; 4.615      ;
; -3.948 ; dly[8]    ; dly[23] ; clk          ; clk         ; 1.000        ; 0.000      ; 4.615      ;
; -3.939 ; dly[7]    ; dly[22] ; clk          ; clk         ; 1.000        ; 0.000      ; 4.606      ;
; -3.939 ; dly[7]    ; dly[21] ; clk          ; clk         ; 1.000        ; 0.000      ; 4.606      ;
; -3.939 ; dly[7]    ; dly[20] ; clk          ; clk         ; 1.000        ; 0.000      ; 4.606      ;
; -3.939 ; dly[7]    ; dly[19] ; clk          ; clk         ; 1.000        ; 0.000      ; 4.606      ;
; -3.939 ; dly[7]    ; dly[18] ; clk          ; clk         ; 1.000        ; 0.000      ; 4.606      ;
; -3.926 ; dly[7]    ; dly[24] ; clk          ; clk         ; 1.000        ; 0.000      ; 4.593      ;
; -3.926 ; dly[7]    ; dly[23] ; clk          ; clk         ; 1.000        ; 0.000      ; 4.593      ;
; -3.851 ; dly[4]    ; dly[12] ; clk          ; clk         ; 1.000        ; 0.000      ; 4.518      ;
; -3.851 ; dly[4]    ; dly[11] ; clk          ; clk         ; 1.000        ; 0.000      ; 4.518      ;
; -3.851 ; dly[4]    ; dly[10] ; clk          ; clk         ; 1.000        ; 0.000      ; 4.518      ;
; -3.851 ; dly[4]    ; dly[9]  ; clk          ; clk         ; 1.000        ; 0.000      ; 4.518      ;
; -3.851 ; dly[4]    ; dly[8]  ; clk          ; clk         ; 1.000        ; 0.000      ; 4.518      ;
; -3.851 ; dly[14]   ; dly[22] ; clk          ; clk         ; 1.000        ; 0.000      ; 4.518      ;
; -3.851 ; dly[14]   ; dly[21] ; clk          ; clk         ; 1.000        ; 0.000      ; 4.518      ;
; -3.851 ; dly[14]   ; dly[20] ; clk          ; clk         ; 1.000        ; 0.000      ; 4.518      ;
; -3.851 ; dly[14]   ; dly[19] ; clk          ; clk         ; 1.000        ; 0.000      ; 4.518      ;
; -3.851 ; dly[14]   ; dly[18] ; clk          ; clk         ; 1.000        ; 0.000      ; 4.518      ;
; -3.848 ; dly[9]    ; dly[22] ; clk          ; clk         ; 1.000        ; 0.000      ; 4.515      ;
; -3.848 ; dly[9]    ; dly[21] ; clk          ; clk         ; 1.000        ; 0.000      ; 4.515      ;
; -3.848 ; dly[9]    ; dly[20] ; clk          ; clk         ; 1.000        ; 0.000      ; 4.515      ;
; -3.848 ; dly[9]    ; dly[19] ; clk          ; clk         ; 1.000        ; 0.000      ; 4.515      ;
; -3.848 ; dly[9]    ; dly[18] ; clk          ; clk         ; 1.000        ; 0.000      ; 4.515      ;
; -3.838 ; dly[4]    ; dly[14] ; clk          ; clk         ; 1.000        ; 0.000      ; 4.505      ;
; -3.838 ; dly[4]    ; dly[15] ; clk          ; clk         ; 1.000        ; 0.000      ; 4.505      ;
; -3.838 ; dly[4]    ; dly[13] ; clk          ; clk         ; 1.000        ; 0.000      ; 4.505      ;
; -3.838 ; dly[4]    ; dly[17] ; clk          ; clk         ; 1.000        ; 0.000      ; 4.505      ;
; -3.838 ; dly[4]    ; dly[16] ; clk          ; clk         ; 1.000        ; 0.000      ; 4.505      ;
+--------+-----------+---------+--------------+-------------+--------------+------------+------------+


+----------------------------------------------------------------------------------------------------+
; Setup: 'dly[22]'                                                                                   ;
+--------+-----------+---------+--------------+-------------+--------------+------------+------------+
; Slack  ; From Node ; To Node ; Launch Clock ; Latch Clock ; Relationship ; Clock Skew ; Data Delay ;
+--------+-----------+---------+--------------+-------------+--------------+------------+------------+
; -4.129 ; cnt[2]    ; cnt[3]  ; dly[22]      ; dly[22]     ; 1.000        ; 0.000      ; 4.796      ;
; -4.129 ; cnt[2]    ; cnt[1]  ; dly[22]      ; dly[22]     ; 1.000        ; 0.000      ; 4.796      ;
; -4.129 ; cnt[2]    ; cnt[4]  ; dly[22]      ; dly[22]     ; 1.000        ; 0.000      ; 4.796      ;
; -4.129 ; cnt[2]    ; cnt[2]  ; dly[22]      ; dly[22]     ; 1.000        ; 0.000      ; 4.796      ;
; -4.129 ; cnt[2]    ; cnt[0]  ; dly[22]      ; dly[22]     ; 1.000        ; 0.000      ; 4.796      ;
; -4.011 ; cnt[1]    ; cnt[3]  ; dly[22]      ; dly[22]     ; 1.000        ; 0.000      ; 4.678      ;
; -4.011 ; cnt[1]    ; cnt[1]  ; dly[22]      ; dly[22]     ; 1.000        ; 0.000      ; 4.678      ;
; -4.011 ; cnt[1]    ; cnt[4]  ; dly[22]      ; dly[22]     ; 1.000        ; 0.000      ; 4.678      ;
; -4.011 ; cnt[1]    ; cnt[2]  ; dly[22]      ; dly[22]     ; 1.000        ; 0.000      ; 4.678      ;
; -4.011 ; cnt[1]    ; cnt[0]  ; dly[22]      ; dly[22]     ; 1.000        ; 0.000      ; 4.678      ;
; -3.843 ; cnt[4]    ; cnt[3]  ; dly[22]      ; dly[22]     ; 1.000        ; 0.000      ; 4.510      ;
; -3.843 ; cnt[4]    ; cnt[1]  ; dly[22]      ; dly[22]     ; 1.000        ; 0.000      ; 4.510      ;
; -3.843 ; cnt[4]    ; cnt[4]  ; dly[22]      ; dly[22]     ; 1.000        ; 0.000      ; 4.510      ;
; -3.843 ; cnt[4]    ; cnt[2]  ; dly[22]      ; dly[22]     ; 1.000        ; 0.000      ; 4.510      ;
; -3.843 ; cnt[4]    ; cnt[0]  ; dly[22]      ; dly[22]     ; 1.000        ; 0.000      ; 4.510      ;
; -3.801 ; cnt[3]    ; cnt[3]  ; dly[22]      ; dly[22]     ; 1.000        ; 0.000      ; 4.468      ;
; -3.801 ; cnt[3]    ; cnt[1]  ; dly[22]      ; dly[22]     ; 1.000        ; 0.000      ; 4.468      ;
; -3.801 ; cnt[3]    ; cnt[4]  ; dly[22]      ; dly[22]     ; 1.000        ; 0.000      ; 4.468      ;
; -3.801 ; cnt[3]    ; cnt[2]  ; dly[22]      ; dly[22]     ; 1.000        ; 0.000      ; 4.468      ;
; -3.801 ; cnt[3]    ; cnt[0]  ; dly[22]      ; dly[22]     ; 1.000        ; 0.000      ; 4.468      ;
; -3.675 ; cnt[0]    ; cnt[3]  ; dly[22]      ; dly[22]     ; 1.000        ; 0.000      ; 4.342      ;
; -3.675 ; cnt[0]    ; cnt[1]  ; dly[22]      ; dly[22]     ; 1.000        ; 0.000      ; 4.342      ;
; -3.675 ; cnt[0]    ; cnt[4]  ; dly[22]      ; dly[22]     ; 1.000        ; 0.000      ; 4.342      ;
; -3.675 ; cnt[0]    ; cnt[2]  ; dly[22]      ; dly[22]     ; 1.000        ; 0.000      ; 4.342      ;
; -3.675 ; cnt[0]    ; cnt[0]  ; dly[22]      ; dly[22]     ; 1.000        ; 0.000      ; 4.342      ;
+--------+-----------+---------+--------------+-------------+--------------+------------+------------+


+----------------------------------------------------------------------------------------------------+
; Hold: 'clk'                                                                                        ;
+--------+-----------+---------+--------------+-------------+--------------+------------+------------+
; Slack  ; From Node ; To Node ; Launch Clock ; Latch Clock ; Relationship ; Clock Skew ; Data Delay ;
+--------+-----------+---------+--------------+-------------+--------------+------------+------------+
; -1.826 ; dly[22]   ; dly[22] ; dly[22]      ; clk         ; 0.000        ; 3.681      ; 2.452      ;
; -1.326 ; dly[22]   ; dly[22] ; dly[22]      ; clk         ; -0.500       ; 3.681      ; 2.452      ;
; -0.565 ; dly[22]   ; dly[24] ; dly[22]      ; clk         ; 0.000        ; 3.681      ; 3.713      ;
; -0.565 ; dly[22]   ; dly[23] ; dly[22]      ; clk         ; 0.000        ; 3.681      ; 3.713      ;
; -0.065 ; dly[22]   ; dly[24] ; dly[22]      ; clk         ; -0.500       ; 3.681      ; 3.713      ;
; -0.065 ; dly[22]   ; dly[23] ; dly[22]      ; clk         ; -0.500       ; 3.681      ; 3.713      ;
; 1.668  ; dly[0]    ; dly[0]  ; clk          ; clk         ; 0.000        ; 0.000      ; 1.889      ;
; 2.107  ; dly[18]   ; dly[18] ; clk          ; clk         ; 0.000        ; 0.000      ; 2.328      ;
; 2.108  ; dly[5]    ; dly[5]  ; clk          ; clk         ; 0.000        ; 0.000      ; 2.329      ;
; 2.116  ; dly[8]    ; dly[8]  ; clk          ; clk         ; 0.000        ; 0.000      ; 2.337      ;
; 2.117  ; dly[15]   ; dly[15] ; clk          ; clk         ; 0.000        ; 0.000      ; 2.338      ;
; 2.117  ; dly[20]   ; dly[20] ; clk          ; clk         ; 0.000        ; 0.000      ; 2.338      ;
; 2.117  ; dly[19]   ; dly[19] ; clk          ; clk         ; 0.000        ; 0.000      ; 2.338      ;
; 2.126  ; dly[10]   ; dly[10] ; clk          ; clk         ; 0.000        ; 0.000      ; 2.347      ;
; 2.126  ; dly[9]    ; dly[9]  ; clk          ; clk         ; 0.000        ; 0.000      ; 2.347      ;
; 2.126  ; dly[17]   ; dly[17] ; clk          ; clk         ; 0.000        ; 0.000      ; 2.347      ;
; 2.126  ; dly[7]    ; dly[7]  ; clk          ; clk         ; 0.000        ; 0.000      ; 2.347      ;
; 2.139  ; dly[0]    ; dly[1]  ; clk          ; clk         ; 0.000        ; 0.000      ; 2.360      ;
; 2.212  ; dly[21]   ; dly[21] ; clk          ; clk         ; 0.000        ; 0.000      ; 2.433      ;
; 2.221  ; dly[11]   ; dly[11] ; clk          ; clk         ; 0.000        ; 0.000      ; 2.442      ;
; 2.221  ; dly[16]   ; dly[16] ; clk          ; clk         ; 0.000        ; 0.000      ; 2.442      ;
; 2.221  ; dly[6]    ; dly[6]  ; clk          ; clk         ; 0.000        ; 0.000      ; 2.442      ;
; 2.221  ; dly[1]    ; dly[1]  ; clk          ; clk         ; 0.000        ; 0.000      ; 2.442      ;
; 2.230  ; dly[23]   ; dly[23] ; clk          ; clk         ; 0.000        ; 0.000      ; 2.451      ;
; 2.230  ; dly[13]   ; dly[13] ; clk          ; clk         ; 0.000        ; 0.000      ; 2.451      ;
; 2.230  ; dly[3]    ; dly[3]  ; clk          ; clk         ; 0.000        ; 0.000      ; 2.451      ;
; 2.231  ; dly[24]   ; dly[24] ; clk          ; clk         ; 0.000        ; 0.000      ; 2.452      ;
; 2.231  ; dly[14]   ; dly[14] ; clk          ; clk         ; 0.000        ; 0.000      ; 2.452      ;
; 2.231  ; dly[12]   ; dly[12] ; clk          ; clk         ; 0.000        ; 0.000      ; 2.452      ;
; 2.231  ; dly[4]    ; dly[4]  ; clk          ; clk         ; 0.000        ; 0.000      ; 2.452      ;
; 2.231  ; dly[2]    ; dly[2]  ; clk          ; clk         ; 0.000        ; 0.000      ; 2.452      ;
; 2.939  ; dly[18]   ; dly[19] ; clk          ; clk         ; 0.000        ; 0.000      ; 3.160      ;
; 2.940  ; dly[5]    ; dly[6]  ; clk          ; clk         ; 0.000        ; 0.000      ; 3.161      ;
; 2.948  ; dly[8]    ; dly[9]  ; clk          ; clk         ; 0.000        ; 0.000      ; 3.169      ;
; 2.949  ; dly[20]   ; dly[21] ; clk          ; clk         ; 0.000        ; 0.000      ; 3.170      ;
; 2.949  ; dly[19]   ; dly[20] ; clk          ; clk         ; 0.000        ; 0.000      ; 3.170      ;
; 2.949  ; dly[15]   ; dly[16] ; clk          ; clk         ; 0.000        ; 0.000      ; 3.170      ;
; 2.958  ; dly[10]   ; dly[11] ; clk          ; clk         ; 0.000        ; 0.000      ; 3.179      ;
; 2.958  ; dly[9]    ; dly[10] ; clk          ; clk         ; 0.000        ; 0.000      ; 3.179      ;
; 2.971  ; dly[0]    ; dly[2]  ; clk          ; clk         ; 0.000        ; 0.000      ; 3.192      ;
; 3.050  ; dly[18]   ; dly[20] ; clk          ; clk         ; 0.000        ; 0.000      ; 3.271      ;
; 3.051  ; dly[5]    ; dly[7]  ; clk          ; clk         ; 0.000        ; 0.000      ; 3.272      ;
; 3.059  ; dly[8]    ; dly[10] ; clk          ; clk         ; 0.000        ; 0.000      ; 3.280      ;
; 3.060  ; dly[20]   ; dly[22] ; clk          ; clk         ; 0.000        ; 0.000      ; 3.281      ;
; 3.060  ; dly[15]   ; dly[17] ; clk          ; clk         ; 0.000        ; 0.000      ; 3.281      ;
; 3.060  ; dly[19]   ; dly[21] ; clk          ; clk         ; 0.000        ; 0.000      ; 3.281      ;
; 3.069  ; dly[10]   ; dly[12] ; clk          ; clk         ; 0.000        ; 0.000      ; 3.290      ;
; 3.069  ; dly[9]    ; dly[11] ; clk          ; clk         ; 0.000        ; 0.000      ; 3.290      ;
; 3.152  ; dly[21]   ; dly[22] ; clk          ; clk         ; 0.000        ; 0.000      ; 3.373      ;
; 3.161  ; dly[1]    ; dly[2]  ; clk          ; clk         ; 0.000        ; 0.000      ; 3.382      ;
; 3.161  ; dly[6]    ; dly[7]  ; clk          ; clk         ; 0.000        ; 0.000      ; 3.382      ;
; 3.161  ; dly[16]   ; dly[17] ; clk          ; clk         ; 0.000        ; 0.000      ; 3.382      ;
; 3.161  ; dly[18]   ; dly[21] ; clk          ; clk         ; 0.000        ; 0.000      ; 3.382      ;
; 3.161  ; dly[11]   ; dly[12] ; clk          ; clk         ; 0.000        ; 0.000      ; 3.382      ;
; 3.170  ; dly[23]   ; dly[24] ; clk          ; clk         ; 0.000        ; 0.000      ; 3.391      ;
; 3.170  ; dly[13]   ; dly[14] ; clk          ; clk         ; 0.000        ; 0.000      ; 3.391      ;
; 3.170  ; dly[3]    ; dly[4]  ; clk          ; clk         ; 0.000        ; 0.000      ; 3.391      ;
; 3.170  ; dly[8]    ; dly[11] ; clk          ; clk         ; 0.000        ; 0.000      ; 3.391      ;
; 3.171  ; dly[14]   ; dly[15] ; clk          ; clk         ; 0.000        ; 0.000      ; 3.392      ;
; 3.171  ; dly[4]    ; dly[5]  ; clk          ; clk         ; 0.000        ; 0.000      ; 3.392      ;
; 3.171  ; dly[19]   ; dly[22] ; clk          ; clk         ; 0.000        ; 0.000      ; 3.392      ;
; 3.180  ; dly[9]    ; dly[12] ; clk          ; clk         ; 0.000        ; 0.000      ; 3.401      ;
; 3.272  ; dly[18]   ; dly[22] ; clk          ; clk         ; 0.000        ; 0.000      ; 3.493      ;
; 3.281  ; dly[13]   ; dly[15] ; clk          ; clk         ; 0.000        ; 0.000      ; 3.502      ;
; 3.281  ; dly[3]    ; dly[5]  ; clk          ; clk         ; 0.000        ; 0.000      ; 3.502      ;
; 3.281  ; dly[8]    ; dly[12] ; clk          ; clk         ; 0.000        ; 0.000      ; 3.502      ;
; 3.282  ; dly[4]    ; dly[6]  ; clk          ; clk         ; 0.000        ; 0.000      ; 3.503      ;
; 3.282  ; dly[14]   ; dly[16] ; clk          ; clk         ; 0.000        ; 0.000      ; 3.503      ;
; 3.392  ; dly[3]    ; dly[6]  ; clk          ; clk         ; 0.000        ; 0.000      ; 3.613      ;
; 3.392  ; dly[13]   ; dly[16] ; clk          ; clk         ; 0.000        ; 0.000      ; 3.613      ;
; 3.393  ; dly[4]    ; dly[7]  ; clk          ; clk         ; 0.000        ; 0.000      ; 3.614      ;
; 3.393  ; dly[14]   ; dly[17] ; clk          ; clk         ; 0.000        ; 0.000      ; 3.614      ;
; 3.440  ; dly[0]    ; dly[7]  ; clk          ; clk         ; 0.000        ; 0.000      ; 3.661      ;
; 3.440  ; dly[0]    ; dly[6]  ; clk          ; clk         ; 0.000        ; 0.000      ; 3.661      ;
; 3.440  ; dly[0]    ; dly[5]  ; clk          ; clk         ; 0.000        ; 0.000      ; 3.661      ;
; 3.440  ; dly[0]    ; dly[4]  ; clk          ; clk         ; 0.000        ; 0.000      ; 3.661      ;
; 3.440  ; dly[0]    ; dly[3]  ; clk          ; clk         ; 0.000        ; 0.000      ; 3.661      ;
; 3.492  ; dly[12]   ; dly[14] ; clk          ; clk         ; 0.000        ; 0.000      ; 3.713      ;
; 3.492  ; dly[12]   ; dly[15] ; clk          ; clk         ; 0.000        ; 0.000      ; 3.713      ;
; 3.492  ; dly[12]   ; dly[13] ; clk          ; clk         ; 0.000        ; 0.000      ; 3.713      ;
; 3.492  ; dly[12]   ; dly[17] ; clk          ; clk         ; 0.000        ; 0.000      ; 3.713      ;
; 3.492  ; dly[12]   ; dly[16] ; clk          ; clk         ; 0.000        ; 0.000      ; 3.713      ;
; 3.492  ; dly[2]    ; dly[7]  ; clk          ; clk         ; 0.000        ; 0.000      ; 3.713      ;
; 3.492  ; dly[2]    ; dly[6]  ; clk          ; clk         ; 0.000        ; 0.000      ; 3.713      ;
; 3.492  ; dly[2]    ; dly[5]  ; clk          ; clk         ; 0.000        ; 0.000      ; 3.713      ;
; 3.492  ; dly[2]    ; dly[4]  ; clk          ; clk         ; 0.000        ; 0.000      ; 3.713      ;
; 3.492  ; dly[2]    ; dly[3]  ; clk          ; clk         ; 0.000        ; 0.000      ; 3.713      ;
; 3.503  ; dly[3]    ; dly[7]  ; clk          ; clk         ; 0.000        ; 0.000      ; 3.724      ;
; 3.503  ; dly[13]   ; dly[17] ; clk          ; clk         ; 0.000        ; 0.000      ; 3.724      ;
; 3.529  ; dly[20]   ; dly[24] ; clk          ; clk         ; 0.000        ; 0.000      ; 3.750      ;
; 3.529  ; dly[20]   ; dly[23] ; clk          ; clk         ; 0.000        ; 0.000      ; 3.750      ;
; 3.538  ; dly[10]   ; dly[14] ; clk          ; clk         ; 0.000        ; 0.000      ; 3.759      ;
; 3.538  ; dly[10]   ; dly[15] ; clk          ; clk         ; 0.000        ; 0.000      ; 3.759      ;
; 3.538  ; dly[10]   ; dly[13] ; clk          ; clk         ; 0.000        ; 0.000      ; 3.759      ;
; 3.538  ; dly[10]   ; dly[17] ; clk          ; clk         ; 0.000        ; 0.000      ; 3.759      ;
; 3.538  ; dly[10]   ; dly[16] ; clk          ; clk         ; 0.000        ; 0.000      ; 3.759      ;
; 3.621  ; dly[21]   ; dly[24] ; clk          ; clk         ; 0.000        ; 0.000      ; 3.842      ;
; 3.621  ; dly[21]   ; dly[23] ; clk          ; clk         ; 0.000        ; 0.000      ; 3.842      ;
; 3.630  ; dly[1]    ; dly[7]  ; clk          ; clk         ; 0.000        ; 0.000      ; 3.851      ;
; 3.630  ; dly[1]    ; dly[6]  ; clk          ; clk         ; 0.000        ; 0.000      ; 3.851      ;
+--------+-----------+---------+--------------+-------------+--------------+------------+------------+


+---------------------------------------------------------------------------------------------------+
; Hold: 'dly[22]'                                                                                   ;
+-------+-----------+---------+--------------+-------------+--------------+------------+------------+
; Slack ; From Node ; To Node ; Launch Clock ; Latch Clock ; Relationship ; Clock Skew ; Data Delay ;
+-------+-----------+---------+--------------+-------------+--------------+------------+------------+
; 1.678 ; cnt[4]    ; cnt[4]  ; dly[22]      ; dly[22]     ; 0.000        ; 0.000      ; 1.899      ;
; 2.240 ; cnt[3]    ; cnt[3]  ; dly[22]      ; dly[22]     ; 0.000        ; 0.000      ; 2.461      ;
; 2.258 ; cnt[0]    ; cnt[0]  ; dly[22]      ; dly[22]     ; 0.000        ; 0.000      ; 2.479      ;
; 2.259 ; cnt[1]    ; cnt[1]  ; dly[22]      ; dly[22]     ; 0.000        ; 0.000      ; 2.480      ;
; 2.616 ; cnt[2]    ; cnt[2]  ; dly[22]      ; dly[22]     ; 0.000        ; 0.000      ; 2.837      ;
; 3.180 ; cnt[3]    ; cnt[4]  ; dly[22]      ; dly[22]     ; 0.000        ; 0.000      ; 3.401      ;
; 3.198 ; cnt[0]    ; cnt[1]  ; dly[22]      ; dly[22]     ; 0.000        ; 0.000      ; 3.419      ;
; 3.199 ; cnt[1]    ; cnt[2]  ; dly[22]      ; dly[22]     ; 0.000        ; 0.000      ; 3.420      ;
; 3.309 ; cnt[0]    ; cnt[2]  ; dly[22]      ; dly[22]     ; 0.000        ; 0.000      ; 3.530      ;
; 3.310 ; cnt[1]    ; cnt[3]  ; dly[22]      ; dly[22]     ; 0.000        ; 0.000      ; 3.531      ;
; 3.420 ; cnt[0]    ; cnt[3]  ; dly[22]      ; dly[22]     ; 0.000        ; 0.000      ; 3.641      ;
; 3.421 ; cnt[1]    ; cnt[4]  ; dly[22]      ; dly[22]     ; 0.000        ; 0.000      ; 3.642      ;
; 3.531 ; cnt[0]    ; cnt[4]  ; dly[22]      ; dly[22]     ; 0.000        ; 0.000      ; 3.752      ;
; 3.556 ; cnt[2]    ; cnt[3]  ; dly[22]      ; dly[22]     ; 0.000        ; 0.000      ; 3.777      ;
; 3.667 ; cnt[2]    ; cnt[4]  ; dly[22]      ; dly[22]     ; 0.000        ; 0.000      ; 3.888      ;
; 4.247 ; cnt[3]    ; cnt[1]  ; dly[22]      ; dly[22]     ; 0.000        ; 0.000      ; 4.468      ;
; 4.247 ; cnt[3]    ; cnt[2]  ; dly[22]      ; dly[22]     ; 0.000        ; 0.000      ; 4.468      ;
; 4.247 ; cnt[3]    ; cnt[0]  ; dly[22]      ; dly[22]     ; 0.000        ; 0.000      ; 4.468      ;
; 4.289 ; cnt[4]    ; cnt[3]  ; dly[22]      ; dly[22]     ; 0.000        ; 0.000      ; 4.510      ;
; 4.289 ; cnt[4]    ; cnt[1]  ; dly[22]      ; dly[22]     ; 0.000        ; 0.000      ; 4.510      ;
; 4.289 ; cnt[4]    ; cnt[2]  ; dly[22]      ; dly[22]     ; 0.000        ; 0.000      ; 4.510      ;
; 4.289 ; cnt[4]    ; cnt[0]  ; dly[22]      ; dly[22]     ; 0.000        ; 0.000      ; 4.510      ;
; 4.457 ; cnt[1]    ; cnt[0]  ; dly[22]      ; dly[22]     ; 0.000        ; 0.000      ; 4.678      ;
; 4.575 ; cnt[2]    ; cnt[1]  ; dly[22]      ; dly[22]     ; 0.000        ; 0.000      ; 4.796      ;
; 4.575 ; cnt[2]    ; cnt[0]  ; dly[22]      ; dly[22]     ; 0.000        ; 0.000      ; 4.796      ;
+-------+-----------+---------+--------------+-------------+--------------+------------+------------+


+----------------------------------------------------------------------------------------------+
; Minimum Pulse Width: 'clk'                                                                   ;
+--------+--------------+----------------+------------------+-------+------------+-------------+
; Slack  ; Actual Width ; Required Width ; Type             ; Clock ; Clock Edge ; Target      ;
+--------+--------------+----------------+------------------+-------+------------+-------------+
; -2.289 ; 1.000        ; 3.289          ; Port Rate        ; clk   ; Rise       ; clk         ;
; 0.234  ; 0.500        ; 0.266          ; High Pulse Width ; clk   ; Rise       ; dly[0]      ;
; 0.234  ; 0.500        ; 0.266          ; Low Pulse Width  ; clk   ; Rise       ; dly[0]      ;
; 0.234  ; 0.500        ; 0.266          ; High Pulse Width ; clk   ; Rise       ; dly[10]     ;
; 0.234  ; 0.500        ; 0.266          ; Low Pulse Width  ; clk   ; Rise       ; dly[10]     ;
; 0.234  ; 0.500        ; 0.266          ; High Pulse Width ; clk   ; Rise       ; dly[11]     ;
; 0.234  ; 0.500        ; 0.266          ; Low Pulse Width  ; clk   ; Rise       ; dly[11]     ;
; 0.234  ; 0.500        ; 0.266          ; High Pulse Width ; clk   ; Rise       ; dly[12]     ;
; 0.234  ; 0.500        ; 0.266          ; Low Pulse Width  ; clk   ; Rise       ; dly[12]     ;
; 0.234  ; 0.500        ; 0.266          ; High Pulse Width ; clk   ; Rise       ; dly[13]     ;
; 0.234  ; 0.500        ; 0.266          ; Low Pulse Width  ; clk   ; Rise       ; dly[13]     ;
; 0.234  ; 0.500        ; 0.266          ; High Pulse Width ; clk   ; Rise       ; dly[14]     ;
; 0.234  ; 0.500        ; 0.266          ; Low Pulse Width  ; clk   ; Rise       ; dly[14]     ;
; 0.234  ; 0.500        ; 0.266          ; High Pulse Width ; clk   ; Rise       ; dly[15]     ;
; 0.234  ; 0.500        ; 0.266          ; Low Pulse Width  ; clk   ; Rise       ; dly[15]     ;
; 0.234  ; 0.500        ; 0.266          ; High Pulse Width ; clk   ; Rise       ; dly[16]     ;
; 0.234  ; 0.500        ; 0.266          ; Low Pulse Width  ; clk   ; Rise       ; dly[16]     ;
; 0.234  ; 0.500        ; 0.266          ; High Pulse Width ; clk   ; Rise       ; dly[17]     ;
; 0.234  ; 0.500        ; 0.266          ; Low Pulse Width  ; clk   ; Rise       ; dly[17]     ;
; 0.234  ; 0.500        ; 0.266          ; High Pulse Width ; clk   ; Rise       ; dly[18]     ;
; 0.234  ; 0.500        ; 0.266          ; Low Pulse Width  ; clk   ; Rise       ; dly[18]     ;
; 0.234  ; 0.500        ; 0.266          ; High Pulse Width ; clk   ; Rise       ; dly[19]     ;
; 0.234  ; 0.500        ; 0.266          ; Low Pulse Width  ; clk   ; Rise       ; dly[19]     ;
; 0.234  ; 0.500        ; 0.266          ; High Pulse Width ; clk   ; Rise       ; dly[1]      ;
; 0.234  ; 0.500        ; 0.266          ; Low Pulse Width  ; clk   ; Rise       ; dly[1]      ;
; 0.234  ; 0.500        ; 0.266          ; High Pulse Width ; clk   ; Rise       ; dly[20]     ;
; 0.234  ; 0.500        ; 0.266          ; Low Pulse Width  ; clk   ; Rise       ; dly[20]     ;
; 0.234  ; 0.500        ; 0.266          ; High Pulse Width ; clk   ; Rise       ; dly[21]     ;
; 0.234  ; 0.500        ; 0.266          ; Low Pulse Width  ; clk   ; Rise       ; dly[21]     ;
; 0.234  ; 0.500        ; 0.266          ; High Pulse Width ; clk   ; Rise       ; dly[22]     ;
; 0.234  ; 0.500        ; 0.266          ; Low Pulse Width  ; clk   ; Rise       ; dly[22]     ;
; 0.234  ; 0.500        ; 0.266          ; High Pulse Width ; clk   ; Rise       ; dly[23]     ;
; 0.234  ; 0.500        ; 0.266          ; Low Pulse Width  ; clk   ; Rise       ; dly[23]     ;
; 0.234  ; 0.500        ; 0.266          ; High Pulse Width ; clk   ; Rise       ; dly[24]     ;
; 0.234  ; 0.500        ; 0.266          ; Low Pulse Width  ; clk   ; Rise       ; dly[24]     ;
; 0.234  ; 0.500        ; 0.266          ; High Pulse Width ; clk   ; Rise       ; dly[2]      ;
; 0.234  ; 0.500        ; 0.266          ; Low Pulse Width  ; clk   ; Rise       ; dly[2]      ;
; 0.234  ; 0.500        ; 0.266          ; High Pulse Width ; clk   ; Rise       ; dly[3]      ;
; 0.234  ; 0.500        ; 0.266          ; Low Pulse Width  ; clk   ; Rise       ; dly[3]      ;
; 0.234  ; 0.500        ; 0.266          ; High Pulse Width ; clk   ; Rise       ; dly[4]      ;
; 0.234  ; 0.500        ; 0.266          ; Low Pulse Width  ; clk   ; Rise       ; dly[4]      ;
; 0.234  ; 0.500        ; 0.266          ; High Pulse Width ; clk   ; Rise       ; dly[5]      ;
; 0.234  ; 0.500        ; 0.266          ; Low Pulse Width  ; clk   ; Rise       ; dly[5]      ;
; 0.234  ; 0.500        ; 0.266          ; High Pulse Width ; clk   ; Rise       ; dly[6]      ;
; 0.234  ; 0.500        ; 0.266          ; Low Pulse Width  ; clk   ; Rise       ; dly[6]      ;
; 0.234  ; 0.500        ; 0.266          ; High Pulse Width ; clk   ; Rise       ; dly[7]      ;
; 0.234  ; 0.500        ; 0.266          ; Low Pulse Width  ; clk   ; Rise       ; dly[7]      ;
; 0.234  ; 0.500        ; 0.266          ; High Pulse Width ; clk   ; Rise       ; dly[8]      ;
; 0.234  ; 0.500        ; 0.266          ; Low Pulse Width  ; clk   ; Rise       ; dly[8]      ;
; 0.234  ; 0.500        ; 0.266          ; High Pulse Width ; clk   ; Rise       ; dly[9]      ;
; 0.234  ; 0.500        ; 0.266          ; Low Pulse Width  ; clk   ; Rise       ; dly[9]      ;
; 0.500  ; 0.500        ; 0.000          ; High Pulse Width ; clk   ; Rise       ; clk|combout ;
; 0.500  ; 0.500        ; 0.000          ; Low Pulse Width  ; clk   ; Rise       ; clk|combout ;
; 0.500  ; 0.500        ; 0.000          ; High Pulse Width ; clk   ; Rise       ; dly[0]|clk  ;
; 0.500  ; 0.500        ; 0.000          ; Low Pulse Width  ; clk   ; Rise       ; dly[0]|clk  ;
; 0.500  ; 0.500        ; 0.000          ; High Pulse Width ; clk   ; Rise       ; dly[10]|clk ;
; 0.500  ; 0.500        ; 0.000          ; Low Pulse Width  ; clk   ; Rise       ; dly[10]|clk ;
; 0.500  ; 0.500        ; 0.000          ; High Pulse Width ; clk   ; Rise       ; dly[11]|clk ;
; 0.500  ; 0.500        ; 0.000          ; Low Pulse Width  ; clk   ; Rise       ; dly[11]|clk ;
; 0.500  ; 0.500        ; 0.000          ; High Pulse Width ; clk   ; Rise       ; dly[12]|clk ;
; 0.500  ; 0.500        ; 0.000          ; Low Pulse Width  ; clk   ; Rise       ; dly[12]|clk ;
; 0.500  ; 0.500        ; 0.000          ; High Pulse Width ; clk   ; Rise       ; dly[13]|clk ;
; 0.500  ; 0.500        ; 0.000          ; Low Pulse Width  ; clk   ; Rise       ; dly[13]|clk ;
; 0.500  ; 0.500        ; 0.000          ; High Pulse Width ; clk   ; Rise       ; dly[14]|clk ;
; 0.500  ; 0.500        ; 0.000          ; Low Pulse Width  ; clk   ; Rise       ; dly[14]|clk ;
; 0.500  ; 0.500        ; 0.000          ; High Pulse Width ; clk   ; Rise       ; dly[15]|clk ;
; 0.500  ; 0.500        ; 0.000          ; Low Pulse Width  ; clk   ; Rise       ; dly[15]|clk ;
; 0.500  ; 0.500        ; 0.000          ; High Pulse Width ; clk   ; Rise       ; dly[16]|clk ;
; 0.500  ; 0.500        ; 0.000          ; Low Pulse Width  ; clk   ; Rise       ; dly[16]|clk ;
; 0.500  ; 0.500        ; 0.000          ; High Pulse Width ; clk   ; Rise       ; dly[17]|clk ;
; 0.500  ; 0.500        ; 0.000          ; Low Pulse Width  ; clk   ; Rise       ; dly[17]|clk ;
; 0.500  ; 0.500        ; 0.000          ; High Pulse Width ; clk   ; Rise       ; dly[18]|clk ;
; 0.500  ; 0.500        ; 0.000          ; Low Pulse Width  ; clk   ; Rise       ; dly[18]|clk ;
; 0.500  ; 0.500        ; 0.000          ; High Pulse Width ; clk   ; Rise       ; dly[19]|clk ;
; 0.500  ; 0.500        ; 0.000          ; Low Pulse Width  ; clk   ; Rise       ; dly[19]|clk ;
; 0.500  ; 0.500        ; 0.000          ; High Pulse Width ; clk   ; Rise       ; dly[1]|clk  ;
; 0.500  ; 0.500        ; 0.000          ; Low Pulse Width  ; clk   ; Rise       ; dly[1]|clk  ;
; 0.500  ; 0.500        ; 0.000          ; High Pulse Width ; clk   ; Rise       ; dly[20]|clk ;
; 0.500  ; 0.500        ; 0.000          ; Low Pulse Width  ; clk   ; Rise       ; dly[20]|clk ;
; 0.500  ; 0.500        ; 0.000          ; High Pulse Width ; clk   ; Rise       ; dly[21]|clk ;
; 0.500  ; 0.500        ; 0.000          ; Low Pulse Width  ; clk   ; Rise       ; dly[21]|clk ;
; 0.500  ; 0.500        ; 0.000          ; High Pulse Width ; clk   ; Rise       ; dly[22]|clk ;
; 0.500  ; 0.500        ; 0.000          ; Low Pulse Width  ; clk   ; Rise       ; dly[22]|clk ;
; 0.500  ; 0.500        ; 0.000          ; High Pulse Width ; clk   ; Rise       ; dly[23]|clk ;
; 0.500  ; 0.500        ; 0.000          ; Low Pulse Width  ; clk   ; Rise       ; dly[23]|clk ;
; 0.500  ; 0.500        ; 0.000          ; High Pulse Width ; clk   ; Rise       ; dly[24]|clk ;
; 0.500  ; 0.500        ; 0.000          ; Low Pulse Width  ; clk   ; Rise       ; dly[24]|clk ;
; 0.500  ; 0.500        ; 0.000          ; High Pulse Width ; clk   ; Rise       ; dly[2]|clk  ;
; 0.500  ; 0.500        ; 0.000          ; Low Pulse Width  ; clk   ; Rise       ; dly[2]|clk  ;
; 0.500  ; 0.500        ; 0.000          ; High Pulse Width ; clk   ; Rise       ; dly[3]|clk  ;
; 0.500  ; 0.500        ; 0.000          ; Low Pulse Width  ; clk   ; Rise       ; dly[3]|clk  ;
; 0.500  ; 0.500        ; 0.000          ; High Pulse Width ; clk   ; Rise       ; dly[4]|clk  ;
; 0.500  ; 0.500        ; 0.000          ; Low Pulse Width  ; clk   ; Rise       ; dly[4]|clk  ;
; 0.500  ; 0.500        ; 0.000          ; High Pulse Width ; clk   ; Rise       ; dly[5]|clk  ;
; 0.500  ; 0.500        ; 0.000          ; Low Pulse Width  ; clk   ; Rise       ; dly[5]|clk  ;
; 0.500  ; 0.500        ; 0.000          ; High Pulse Width ; clk   ; Rise       ; dly[6]|clk  ;
; 0.500  ; 0.500        ; 0.000          ; Low Pulse Width  ; clk   ; Rise       ; dly[6]|clk  ;
; 0.500  ; 0.500        ; 0.000          ; High Pulse Width ; clk   ; Rise       ; dly[7]|clk  ;
; 0.500  ; 0.500        ; 0.000          ; Low Pulse Width  ; clk   ; Rise       ; dly[7]|clk  ;
; 0.500  ; 0.500        ; 0.000          ; High Pulse Width ; clk   ; Rise       ; dly[8]|clk  ;
+--------+--------------+----------------+------------------+-------+------------+-------------+


+--------------------------------------------------------------------------------------------------+
; Minimum Pulse Width: 'dly[22]'                                                                   ;
+-------+--------------+----------------+------------------+---------+------------+----------------+
; Slack ; Actual Width ; Required Width ; Type             ; Clock   ; Clock Edge ; Target         ;
+-------+--------------+----------------+------------------+---------+------------+----------------+
; 0.234 ; 0.500        ; 0.266          ; High Pulse Width ; dly[22] ; Rise       ; cnt[0]         ;
; 0.234 ; 0.500        ; 0.266          ; Low Pulse Width  ; dly[22] ; Rise       ; cnt[0]         ;
; 0.234 ; 0.500        ; 0.266          ; High Pulse Width ; dly[22] ; Rise       ; cnt[1]         ;
; 0.234 ; 0.500        ; 0.266          ; Low Pulse Width  ; dly[22] ; Rise       ; cnt[1]         ;
; 0.234 ; 0.500        ; 0.266          ; High Pulse Width ; dly[22] ; Rise       ; cnt[2]         ;
; 0.234 ; 0.500        ; 0.266          ; Low Pulse Width  ; dly[22] ; Rise       ; cnt[2]         ;
; 0.234 ; 0.500        ; 0.266          ; High Pulse Width ; dly[22] ; Rise       ; cnt[3]         ;
; 0.234 ; 0.500        ; 0.266          ; Low Pulse Width  ; dly[22] ; Rise       ; cnt[3]         ;
; 0.234 ; 0.500        ; 0.266          ; High Pulse Width ; dly[22] ; Rise       ; cnt[4]         ;
; 0.234 ; 0.500        ; 0.266          ; Low Pulse Width  ; dly[22] ; Rise       ; cnt[4]         ;
; 0.500 ; 0.500        ; 0.000          ; High Pulse Width ; dly[22] ; Rise       ; cnt[0]|clk     ;
; 0.500 ; 0.500        ; 0.000          ; Low Pulse Width  ; dly[22] ; Rise       ; cnt[0]|clk     ;
; 0.500 ; 0.500        ; 0.000          ; High Pulse Width ; dly[22] ; Rise       ; cnt[1]|clk     ;
; 0.500 ; 0.500        ; 0.000          ; Low Pulse Width  ; dly[22] ; Rise       ; cnt[1]|clk     ;
; 0.500 ; 0.500        ; 0.000          ; High Pulse Width ; dly[22] ; Rise       ; cnt[2]|clk     ;
; 0.500 ; 0.500        ; 0.000          ; Low Pulse Width  ; dly[22] ; Rise       ; cnt[2]|clk     ;
; 0.500 ; 0.500        ; 0.000          ; High Pulse Width ; dly[22] ; Rise       ; cnt[3]|clk     ;
; 0.500 ; 0.500        ; 0.000          ; Low Pulse Width  ; dly[22] ; Rise       ; cnt[3]|clk     ;
; 0.500 ; 0.500        ; 0.000          ; High Pulse Width ; dly[22] ; Rise       ; cnt[4]|clk     ;
; 0.500 ; 0.500        ; 0.000          ; Low Pulse Width  ; dly[22] ; Rise       ; cnt[4]|clk     ;
; 0.500 ; 0.500        ; 0.000          ; High Pulse Width ; dly[22] ; Rise       ; dly[22]|regout ;
; 0.500 ; 0.500        ; 0.000          ; Low Pulse Width  ; dly[22] ; Rise       ; dly[22]|regout ;
+-------+--------------+----------------+------------------+---------+------------+----------------+


+-------------------------------------------------------------------------+
; Clock to Output Times                                                   ;
+-----------+------------+--------+--------+------------+-----------------+
; Data Port ; Clock Port ; Rise   ; Fall   ; Clock Edge ; Clock Reference ;
+-----------+------------+--------+--------+------------+-----------------+
; com[*]    ; clk        ; 10.749 ; 10.749 ; Rise       ; clk             ;
;  com[0]   ; clk        ; 10.747 ; 10.747 ; Rise       ; clk             ;
;  com[1]   ; clk        ; 10.749 ; 10.749 ; Rise       ; clk             ;
;  com[2]   ; clk        ; 9.534  ; 9.534  ; Rise       ; clk             ;
;  com[3]   ; clk        ; 9.567  ; 9.567  ; Rise       ; clk             ;
; f1_19     ; clk        ; 9.143  ; 9.143  ; Rise       ; clk             ;
; seg[*]    ; clk        ; 13.650 ; 13.650 ; Rise       ; clk             ;
;  seg[0]   ; clk        ; 13.373 ; 13.373 ; Rise       ; clk             ;
;  seg[1]   ; clk        ; 11.046 ; 11.046 ; Rise       ; clk             ;
;  seg[2]   ; clk        ; 11.533 ; 11.533 ; Rise       ; clk             ;
;  seg[3]   ; clk        ; 13.508 ; 13.508 ; Rise       ; clk             ;
;  seg[4]   ; clk        ; 11.145 ; 11.145 ; Rise       ; clk             ;
;  seg[5]   ; clk        ; 11.805 ; 11.805 ; Rise       ; clk             ;
;  seg[6]   ; clk        ; 13.650 ; 13.650 ; Rise       ; clk             ;
; seg[*]    ; dly[22]    ; 17.516 ; 17.516 ; Rise       ; dly[22]         ;
;  seg[0]   ; dly[22]    ; 17.516 ; 17.516 ; Rise       ; dly[22]         ;
;  seg[1]   ; dly[22]    ; 14.432 ; 14.432 ; Rise       ; dly[22]         ;
;  seg[2]   ; dly[22]    ; 14.916 ; 14.916 ; Rise       ; dly[22]         ;
;  seg[3]   ; dly[22]    ; 15.954 ; 15.954 ; Rise       ; dly[22]         ;
;  seg[4]   ; dly[22]    ; 14.525 ; 14.525 ; Rise       ; dly[22]         ;
;  seg[5]   ; dly[22]    ; 15.174 ; 15.174 ; Rise       ; dly[22]         ;
;  seg[6]   ; dly[22]    ; 15.421 ; 15.421 ; Rise       ; dly[22]         ;
+-----------+------------+--------+--------+------------+-----------------+


+-------------------------------------------------------------------------+
; Minimum Clock to Output Times                                           ;
+-----------+------------+--------+--------+------------+-----------------+
; Data Port ; Clock Port ; Rise   ; Fall   ; Clock Edge ; Clock Reference ;
+-----------+------------+--------+--------+------------+-----------------+
; com[*]    ; clk        ; 9.171  ; 9.171  ; Rise       ; clk             ;
;  com[0]   ; clk        ; 10.384 ; 10.384 ; Rise       ; clk             ;
;  com[1]   ; clk        ; 10.380 ; 10.380 ; Rise       ; clk             ;
;  com[2]   ; clk        ; 9.171  ; 9.171  ; Rise       ; clk             ;
;  com[3]   ; clk        ; 9.337  ; 9.337  ; Rise       ; clk             ;
; f1_19     ; clk        ; 9.143  ; 9.143  ; Rise       ; clk             ;
; seg[*]    ; clk        ; 10.520 ; 10.520 ; Rise       ; clk             ;
;  seg[0]   ; clk        ; 10.644 ; 10.644 ; Rise       ; clk             ;
;  seg[1]   ; clk        ; 10.520 ; 10.520 ; Rise       ; clk             ;
;  seg[2]   ; clk        ; 10.995 ; 10.995 ; Rise       ; clk             ;
;  seg[3]   ; clk        ; 11.814 ; 11.814 ; Rise       ; clk             ;
;  seg[4]   ; clk        ; 10.608 ; 10.608 ; Rise       ; clk             ;
;  seg[5]   ; clk        ; 11.268 ; 11.268 ; Rise       ; clk             ;
;  seg[6]   ; clk        ; 12.951 ; 12.951 ; Rise       ; clk             ;
; seg[*]    ; dly[22]    ; 10.844 ; 10.844 ; Rise       ; dly[22]         ;
;  seg[0]   ; dly[22]    ; 12.440 ; 12.440 ; Rise       ; dly[22]         ;
;  seg[1]   ; dly[22]    ; 13.146 ; 13.146 ; Rise       ; dly[22]         ;
;  seg[2]   ; dly[22]    ; 13.625 ; 13.625 ; Rise       ; dly[22]         ;
;  seg[3]   ; dly[22]    ; 12.625 ; 12.625 ; Rise       ; dly[22]         ;
;  seg[4]   ; dly[22]    ; 13.235 ; 13.235 ; Rise       ; dly[22]         ;
;  seg[5]   ; dly[22]    ; 13.894 ; 13.894 ; Rise       ; dly[22]         ;
;  seg[6]   ; dly[22]    ; 10.844 ; 10.844 ; Rise       ; dly[22]         ;
+-----------+------------+--------+--------+------------+-----------------+


+-------------------------------------------------------------------+
; Setup Transfers                                                   ;
+------------+----------+----------+----------+----------+----------+
; From Clock ; To Clock ; RR Paths ; FR Paths ; RF Paths ; FF Paths ;
+------------+----------+----------+----------+----------+----------+
; clk        ; clk      ; 561      ; 0        ; 0        ; 0        ;
; dly[22]    ; clk      ; 3        ; 3        ; 0        ; 0        ;
; dly[22]    ; dly[22]  ; 50       ; 0        ; 0        ; 0        ;
+------------+----------+----------+----------+----------+----------+
Entries labeled "false path" only account for clock-to-clock false paths and not path-based false paths. As a result, actual path counts may be lower than reported.


+-------------------------------------------------------------------+
; Hold Transfers                                                    ;
+------------+----------+----------+----------+----------+----------+
; From Clock ; To Clock ; RR Paths ; FR Paths ; RF Paths ; FF Paths ;
+------------+----------+----------+----------+----------+----------+
; clk        ; clk      ; 561      ; 0        ; 0        ; 0        ;
; dly[22]    ; clk      ; 3        ; 3        ; 0        ; 0        ;
; dly[22]    ; dly[22]  ; 50       ; 0        ; 0        ; 0        ;
+------------+----------+----------+----------+----------+----------+
Entries labeled "false path" only account for clock-to-clock false paths and not path-based false paths. As a result, actual path counts may be lower than reported.


---------------
; Report TCCS ;
---------------
No dedicated SERDES Transmitter circuitry present in device or used in design


---------------
; Report RSKM ;
---------------
No dedicated SERDES Receiver circuitry present in device or used in design


+------------------------------------------------+
; Unconstrained Paths                            ;
+---------------------------------+-------+------+
; Property                        ; Setup ; Hold ;
+---------------------------------+-------+------+
; Illegal Clocks                  ; 0     ; 0    ;
; Unconstrained Clocks            ; 0     ; 0    ;
; Unconstrained Input Ports       ; 1     ; 1    ;
; Unconstrained Input Port Paths  ; 5     ; 5    ;
; Unconstrained Output Ports      ; 12    ; 12   ;
; Unconstrained Output Port Paths ; 58    ; 58   ;
+---------------------------------+-------+------+


+------------------------------------+
; TimeQuest Timing Analyzer Messages ;
+------------------------------------+
Info: *******************************************************************
Info: Running Quartus II 64-Bit TimeQuest Timing Analyzer
    Info: Version 13.0.1 Build 232 06/12/2013 Service Pack 1 SJ Full Version
    Info: Processing started: Thu Mar 31 11:43:20 2016
Info: Command: quartus_sta snake -c snake
Info: qsta_default_script.tcl version: #1
Info (11104): Parallel Compilation has detected 8 hyper-threaded processors. However, the extra hyper-threaded processors will not be used by default. Parallel Compilation will use 4 of the 4 physical processors detected instead.
Info (21077): Low junction temperature is 0 degrees C
Info (21077): High junction temperature is 85 degrees C
Info (306004): Started post-fitting delay annotation
Info (306005): Delay annotation completed successfully
Critical Warning (332012): Synopsys Design Constraints File file not found: 'snake.sdc'. A Synopsys Design Constraints File is required by the TimeQuest Timing Analyzer to get proper timing constraints. Without it, the Compiler will not properly optimize the design.
Info (332142): No user constrained base clocks found in the design. Calling "derive_clocks -period 1.0"
Info (332105): Deriving Clocks
    Info (332105): create_clock -period 1.000 -name clk clk
    Info (332105): create_clock -period 1.000 -name dly[22] dly[22]
Info: Found TIMEQUEST_REPORT_SCRIPT_INCLUDE_DEFAULT_ANALYSIS = ON
Critical Warning (332148): Timing requirements not met
Info (332146): Worst-case setup slack is -4.568
    Info (332119):     Slack End Point TNS Clock 
    Info (332119): ========= ============= =====================
    Info (332119):    -4.568       -93.333 clk 
    Info (332119):    -4.129       -20.645 dly[22] 
Info (332146): Worst-case hold slack is -1.826
    Info (332119):     Slack End Point TNS Clock 
    Info (332119): ========= ============= =====================
    Info (332119):    -1.826        -2.956 clk 
    Info (332119):     1.678         0.000 dly[22] 
Info (332140): No Recovery paths to report
Info (332140): No Removal paths to report
Info (332146): Worst-case minimum pulse width slack is -2.289
    Info (332119):     Slack End Point TNS Clock 
    Info (332119): ========= ============= =====================
    Info (332119):    -2.289        -2.289 clk 
    Info (332119):     0.234         0.000 dly[22] 
Info (332001): The selected device family is not supported by the report_metastability command.
Info (332102): Design is not fully constrained for setup requirements
Info (332102): Design is not fully constrained for hold requirements
Info: Quartus II 64-Bit TimeQuest Timing Analyzer was successful. 0 errors, 2 warnings
    Info: Peak virtual memory: 415 megabytes
    Info: Processing ended: Thu Mar 31 11:43:21 2016
    Info: Elapsed time: 00:00:01
    Info: Total CPU time (on all processors): 00:00:01


